// Jest Snapshot v1, https://goo.gl/fbAQLP

exports[`renders correctly 1`] = `
<div>
  <div
    className="sc-gsTCUz fEHyKW fixed"
  >
    <button
      className="sc-bdfBwQ gWROIb button margin-025"
      onClick={[Function]}
    >
      <svg
        aria-hidden="true"
        focusable="false"
        role="img"
        viewBox="0 0 448 512"
      >
        <path
          d="M32 464a48 48 0 0 0 48 48h288a48 48 0 0 0 48-48V128H32zm272-256a16 16 0 0 1 32 0v224a16 16 0 0 1-32 0zm-96 0a16 16 0 0 1 32 0v224a16 16 0 0 1-32 0zm-96 0a16 16 0 0 1 32 0v224a16 16 0 0 1-32 0zM432 32H312l-9.4-18.7A24 24 0 0 0 281.1 0H166.8a23.72 23.72 0 0 0-21.4 13.3L136 32H16A16 16 0 0 0 0 48v32a16 16 0 0 0 16 16h416a16 16 0 0 0 16-16V48a16 16 0 0 0-16-16z"
          fill="currentColor"
        />
      </svg>
    </button>
    <div
      className="sc-hKgILt exJFsJ margin-025"
      onClick={[Function]}
      style={
        Object {
          "color": "black",
        }
      }
    >
      <div
        style={
          Object {
            "height": "1.5rem",
            "marginLeft": "0.2rem",
            "paddingLeft": "0.2rem",
            "width": "1.5rem",
          }
        }
      >
        <svg
          aria-hidden="true"
          focusable="false"
          role="img"
          viewBox="0 0 576 512"
        >
          <path
            d="M512 320s-64 92.65-64 128c0 35.35 28.66 64 64 64s64-28.65 64-64-64-128-64-128zm-9.37-102.94L294.94 9.37C288.69 3.12 280.5 0 272.31 0s-16.38 3.12-22.62 9.37l-81.58 81.58L81.93 4.76c-6.25-6.25-16.38-6.25-22.62 0L36.69 27.38c-6.24 6.25-6.24 16.38 0 22.62l86.19 86.18-94.76 94.76c-37.49 37.48-37.49 98.26 0 135.75l117.19 117.19c18.74 18.74 43.31 28.12 67.87 28.12 24.57 0 49.13-9.37 67.87-28.12l221.57-221.57c12.5-12.5 12.5-32.75.01-45.25zm-116.22 70.97H65.93c1.36-3.84 3.57-7.98 7.43-11.83l13.15-13.15 81.61-81.61 58.6 58.6c12.49 12.49 32.75 12.49 45.24 0s12.49-32.75 0-45.24l-58.6-58.6 58.95-58.95 162.44 162.44-48.34 48.34z"
            fill="currentColor"
          />
        </svg>
      </div>
      <input
        onChange={[Function]}
        style={
          Object {
            "height": 0,
            "visibility": "hidden",
            "width": 0,
          }
        }
        type="color"
        value="black"
      />
    </div>
    <div
      className="sc-hKgILt exJFsJ margin-025"
      onClick={[Function]}
      style={
        Object {
          "color": "black",
        }
      }
    >
      <div
        style={
          Object {
            "height": "1.5rem",
            "marginLeft": "0.2rem",
            "paddingLeft": "0.2rem",
            "width": "1.5rem",
          }
        }
      >
        <svg
          aria-hidden="true"
          focusable="false"
          role="img"
          viewBox="0 0 16 16"
        >
          <path
            d="M14 1a1 1 0 0 1 1 1v12a1 1 0 0 1-1 1H2a1 1 0 0 1-1-1V2a1 1 0 0 1 1-1h12zM2 0a2 2 0 0 0-2 2v12a2 2 0 0 0 2 2h12a2 2 0 0 0 2-2V2a2 2 0 0 0-2-2H2z"
            fill="currentColor"
          />
        </svg>
      </div>
      <input
        onChange={[Function]}
        style={
          Object {
            "height": 0,
            "visibility": "hidden",
            "width": 0,
          }
        }
        type="color"
        value="black"
      />
    </div>
  </div>
  <div
    className="sc-gsTCUz fEHyKW fixed-h-center"
  >
    <button
      className="sc-dlfnbm iOkfdG margin-025"
      onClick={[Function]}
      selected={true}
    >
      <svg
        aria-hidden="true"
        focusable="false"
        role="img"
        viewBox="0 0 16 16"
      >
        <path
          d="M14 1a1 1 0 0 1 1 1v12a1 1 0 0 1-1 1H2a1 1 0 0 1-1-1V2a1 1 0 0 1 1-1h12zM2 0a2 2 0 0 0-2 2v12a2 2 0 0 0 2 2h12a2 2 0 0 0 2-2V2a2 2 0 0 0-2-2H2z"
          fill="currentColor"
        />
      </svg>
    </button>
    <button
      className="sc-dlfnbm BpUtO margin-025"
      onClick={[Function]}
      selected={false}
    >
      <svg
        aria-hidden="true"
        focusable="false"
        role="img"
        viewBox="0 0 16 16"
      >
        <path
          d="M7.938 2.016A.13.13 0 0 1 8.002 2a.13.13 0 0 1 .063.016.146.146 0 0 1 .054.057l6.857 11.667c.036.06.035.124.002.183a.163.163 0 0 1-.054.06.116.116 0 0 1-.066.017H1.146a.115.115 0 0 1-.066-.017.163.163 0 0 1-.054-.06.176.176 0 0 1 .002-.183L7.884 2.073a.147.147 0 0 1 .054-.057zm1.044-.45a1.13 1.13 0 0 0-1.96 0L.165 13.233c-.457.778.091 1.767.98 1.767h13.713c.889 0 1.438-.99.98-1.767L8.982 1.566z"
          fill="currentColor"
        />
      </svg>
    </button>
  </div>
  <canvas
    height={768}
    onMouseDown={[Function]}
    onMouseMove={[Function]}
    onMouseUp={[Function]}
    width={1024}
  >
    Canvas not supported
  </canvas>
</div>
`;
